HFL Project 1 — BUILD LOG (ARCHIVED SESSION EXCERPT)
========================================================
Provenance note:
This file preserves the available Block A/B output from the actual Stata session
used during Project 1 development. The final workflow was subsequently split into
01_build.do and 02_analyze.do. This is therefore NOT a fresh machine log generated
by running the final 01_build.do from top to bottom.

For the publication/repository freeze, replace this file with the clean log
generated by the final 01_build.do run.

--------------------------------------------------------------------------

  PASS   G2 high (5-7): incorrect            computed   3.55   target  3.50

. hflcheck n_dk        if g2_band==3, target(1.4) desc("G2 high (5-7): DK")
  PASS   G2 high (5-7): DK                   computed   1.41   target  1.40

. hflcheck n_correct   if g2_band==2, target(5.0) desc("G2 neutral (4): correct")
  PASS   G2 neutral (4): correct             computed   4.98   target  5.00

. hflcheck n_incorrect if g2_band==2, target(3.4) desc("G2 neutral (4): incorrect")
  PASS   G2 neutral (4): incorrect           computed   3.37   target  3.40

. hflcheck n_dk        if g2_band==2, target(2.6) desc("G2 neutral (4): DK")
  PASS   G2 neutral (4): DK                  computed   2.59   target  2.60

. hflcheck n_correct   if g2_band==1, target(4.1) desc("G2 low (1-3): correct")
  PASS   G2 low (1-3): correct               computed   4.14   target  4.10

. hflcheck n_incorrect if g2_band==1, target(2.8) desc("G2 low (1-3): incorrect")
  PASS   G2 low (1-3): incorrect             computed   2.77   target  2.80

. hflcheck n_dk        if g2_band==1, target(4.1) desc("G2 low (1-3): DK")
  PASS   G2 low (1-3): DK                    computed   4.07   target  4.10

. 
end of do-file

. do "/var/folders/gh/09k67mdn3ks9zh6wymygw2880000gn/T//SD06348.000000"

. display _newline as text "  --- By parental investing (G40) and family conversation (G41) ---"

  --- By parental investing (G40) and family conversation (G41) ---

. hflcheck n_correct   if g40==1, target(5.6) desc("G40 yes: correct")
  PASS   G40 yes: correct                    computed   5.59   target  5.60

. hflcheck n_correct   if g40==2, target(5.2) desc("G40 no: correct")
  PASS   G40 no: correct                     computed   5.23   target  5.20

. hflcheck n_correct   if g41==1, target(5.5) desc("G41 yes: correct")
  PASS   G41 yes: correct                    computed   5.48   target  5.50

. hflcheck n_correct   if g41==2, target(5.3) desc("G41 no: correct")
  PASS   G41 no: correct                     computed   5.26   target  5.30

. hflcheck n_incorrect if g41==1, target(3.6) desc("G41 yes: incorrect")
  PASS   G41 yes: incorrect                  computed   3.61   target  3.60

. hflcheck n_incorrect if g41==2, target(3.2) desc("G41 no: incorrect")
  PASS   G41 no: incorrect                   computed   3.17   target  3.20

. 
end of do-file

. do "/var/folders/gh/09k67mdn3ks9zh6wymygw2880000gn/T//SD06348.000000"

. display _newline as text "  --- G43 response distribution ---"

  --- G43 response distribution ---

. gen byte pct_g43_yes = 100 * (g43 == 1)

. gen byte pct_g43_no  = 100 * (g43 == 2)

. gen byte pct_g43_dk  = 100 * (g43 == 98)

. hflcheck pct_g43_yes, target(50) desc("G43 Yes (%)")
  FAIL   G43 Yes (%)                         computed  49.58   target 50.00   diff  0.42
r(9);

end of do-file

r(9);

. drop pct_g43_*

. display _newline as text "  --- G43 response distribution ---"

  --- G43 response distribution ---

. 
. gen byte pct_g43_yes = 100 * (g43 == 1)

. gen byte pct_g43_no  = 100 * (g43 == 2)

. gen byte pct_g43_dk  = 100 * (g43 == 98)

. 
. hflcheck pct_g43_yes, target(49.6) desc("G43 Yes (%)")
  PASS   G43 Yes (%)                         computed  49.58   target 49.60

. hflcheck pct_g43_no,  target(20.6) desc("G43 No (%)")
  PASS   G43 No (%)                          computed  20.62   target 20.60

. hflcheck pct_g43_dk,  target(29.6) desc("G43 DK (%)")
  PASS   G43 DK (%)                          computed  29.59   target 29.60

. 
. drop pct_g43_*

. do "/var/folders/gh/09k67mdn3ks9zh6wymygw2880000gn/T//SD06348.000000"

. local qitems  g4 g5 g6 g7 g21 g8 g44 g22 g11 g12 g13

. local qkeys   1  2  2  1  2   1  3   2   3   3   4

. 
. display _newline as text "  --- Per-item response distribution (weighted %) ---"

  --- Per-item response distribution (weighted %) ---

. display as text "  item   correct  incorrect     DK    refused"
  item   correct  incorrect     DK    refused

. 
. local i = 0

. 
. foreach v of local qitems {
  2. 
.     local ++i
  3.     local k : word `i' of `qkeys'
  4. 
.     quietly summarize wgt1
  5.     local tot = r(sum)
  6. 
.     foreach cat in c x d p {
  7. 
.         local cnd_c "`v' == `k'"
  8.         local cnd_x "!inlist(`v', `k', 98, 99)"
  9.         local cnd_d "`v' == 98"
 10.         local cnd_p "`v' == 99"
 11. 
.         quietly summarize wgt1 if `cnd_`cat''
 12.         local w_`cat' = cond(r(N)==0, 0, r(sum))
 13.     }
 14. 
.     display as text "  " %-5s "`v'" ///
>         as result %8.1f 100*`w_c'/`tot' ///
>         %10.1f 100*`w_x'/`tot' ///
>         %8.1f 100*`w_d'/`tot' ///
>         %9.1f 100*`w_p'/`tot'
 15. }
  g4       74.1      20.3     5.2      0.4
  g5       61.5      17.1    20.8      0.6
  g6       51.5      23.6    24.3      0.6
  g7       74.1      14.3    11.0      0.5
  g21      40.6      47.4    11.4      0.5
  g8       52.4      22.6    24.8      0.2
  g44      76.8      11.1    11.5      0.6
  g22      29.6      29.7    40.0      0.6
  g11      29.6      37.1    32.8      0.5
  g12      20.0      54.7    24.7      0.6
  g13      23.0      54.4    22.0      0.6

. 
. display _newline as result "  VALIDATION GATE PASSED."

  VALIDATION GATE PASSED.

. 
. file write dec "BLOCK B" _n ///
>   "B1 n_incorrect STRICT (refusals excluded); verified against the published gender row" _n ///
>   "B2 gate runs on full n=2,861 BEFORE the sample rule; the analytic sample does not reproduce pub
> lished figures" _n _n

. 
end of do-file

. do "/var/folders/gh/09k67mdn3ks9zh6wymygw2880000gn/T//SD06348.000000"

. gen byte g43_3 = .
(2,861 missing values generated)

. replace g43_3 = 1 if g43 == 2      // No       <- base outcome
(616 real changes made)

. replace g43_3 = 2 if g43 == 98     // Don't know
(989 real changes made)

. replace g43_3 = 3 if g43 == 1      // Yes
(1,249 real changes made)

. label define g43lbl 1 "No" 2 "Don't know" 3 "Yes", replace

. label values g43_3 g43lbl

. label variable g43_3 "Response to guaranteed 25% return proposition"

. 
. gen byte g43_yes_all = (g43 == 1) if inlist(g43, 1, 2, 98)   // Yes vs No+DK
(7 missing values generated)

. gen byte g43_yes_no  = (g43 == 1) if inlist(g43, 1, 2)       // Yes vs No only
(996 missing values generated)

. 
. * Finer covariates, built here so the robustness branches can use them.
. gen byte inc_fine = a8_2021_sbs if inrange(a8_2021_sbs, 1, 10)

. 
end of do-file

. do "/var/folders/gh/09k67mdn3ks9zh6wymygw2880000gn/T//SD06348.000000"

. local dkitems a2 b30_2024 b3 b4_2024 b5 b33 b10 b40 b41 b23 ///
>               c22_1 c22_2 c22_3 c22_4 c40 c23_1 c23_2 c23_3 c23_4 c24 c26 c7 ///
>               d40 d31 d41 e2 e6 f40 g31 g42

. 
. foreach v of local dkitems {
  2.     if "`v'" == "g43" {
  3.         display as error "  G43 found in the DK index list — stop."
  4.         error 9
  5.     }
  6. }

. 
. gen byte nonquiz_dk_n = 0

. local nitems = 0

. foreach v of local dkitems {
  2.     capture confirm variable `v'
  3.     if _rc {
  4.         display as error "  DK-index item not found in file: `v' — stop."
  5.         error 111
  6.     }
  7.     quietly replace nonquiz_dk_n = nonquiz_dk_n + (`v' == 98)
  8.     local ++nitems
  9. }

. 
. gen double nonquiz_dk_share = nonquiz_dk_n / `nitems'

. label variable nonquiz_dk_n     "Count of DK responses on non-quiz items"

. label variable nonquiz_dk_share "Share of non-quiz items answered DK"

. display as text "  Non-quiz DK index built from " as result `nitems' as text " items  (expected 30
> )"
  Non-quiz DK index built from 30 items  (expected 30)

. assert `nitems' == 30

. 
. * The saved copy is what makes the loose-sample robustness reproducible. It
. * holds all 2,861 respondents with every derived variable already built.
. save "$OUT/nfcs_p1_validated_full.dta", replace
(file /Users/lenagan/Desktop/HFL_Project1_Output/nfcs_p1_validated_full.dta not found)
file /Users/lenagan/Desktop/HFL_Project1_Output/nfcs_p1_validated_full.dta saved

. display as text "  Validated full dataset saved (n = 2,861)."
  Validated full dataset saved (n = 2,861).

. 
end of do-file

. do "/var/folders/gh/09k67mdn3ks9zh6wymygw2880000gn/T//SD06348.000000"

. gen byte analytic = (n_pnts == 0)

. label variable analytic "In analytic sample (no quiz refusals)"

. 
. quietly count if analytic

. display _newline as text "  Analytic sample: " as result r(N) as text " of 2,861  (expected 2,797)
> "

  Analytic sample: 2797 of 2,861  (expected 2,797)

. assert r(N) == 2797

. 
. file write dec "B3 analytic sample = no quiz refusals (2,861 -> 2,797); loose alternative executed
>  in C5b" _n ///
>   "B4 G43 refusals set to missing (~0.2%); a refusal is not a fourth response state" _n ///
>   "B5 DK index renamed: 'response style' -> 'general non-quiz DK propensity'. Items include genuin
> e" _n ///
>   "   substantive uncertainty about own accounts, so a response-style claim would exceed the measu
> re" _n _n

. 
end of do-file

. do "/var/folders/gh/09k67mdn3ks9zh6wymygw2880000gn/T//SD06348.000000"

. display _newline(2) as text "{hline 78}"


------------------------------------------------------------------------------

. display as result "