HFL Project 1 — ANALYSIS LOG (ARCHIVED ORIGINAL SESSION)
===========================================================
Provenance note:
This file preserves Block C from the actual Stata session used to obtain the
reported Project 1 inferential results. The workflow was later split into
01_build.do and 02_analyze.do. This is therefore an archived analysis transcript,
not a fresh run of the final split script.

For the publication/repository freeze, replace this file with the clean log
generated by the final 02_analyze.do run.

--------------------------------------------------------------------------

BLOCK C — ANALYSIS"
BLOCK C — ANALYSIS

. display as text "{hline 78}"
------------------------------------------------------------------------------

. 
. keep if analytic
(64 observations deleted)

. svyset [pweight = wgt1]

Sampling weights: wgt1
             VCE: linearized
      Subpop. df: off
     Single unit: missing
        Strata 1: <one>
 Sampling unit 1: <observations>
           FPC 1: <zero>

. 
end of do-file

. do "/var/folders/gh/09k67mdn3ks9zh6wymygw2880000gn/T//SD06348.000000"

. display _newline as result "  C1. DESCRIPTIVES AND ITEM AUDIT"

  C1. DESCRIPTIVES AND ITEM AUDIT

. 
. svy: mean n_correct n_incorrect n_dk
(running mean on estimation sample)

Survey: Mean estimation

Number of strata =     1          Number of obs   =      2,797
Number of PSUs   = 2,797          Population size = 2,794.8303
                                  Design df       =      2,796

--------------------------------------------------------------
             |             Linearized
             |       Mean   std. err.     [95% conf. interval]
-------------+------------------------------------------------
   n_correct |   5.379437   .0565874       5.26848    5.490394
 n_incorrect |   3.337678   .0564877      3.226916     3.44844
        n_dk |   2.282885   .0600103      2.165216    2.400554
--------------------------------------------------------------

. estat sd

-------------------------------------
             |       Mean   Std. dev.
-------------+-----------------------
   n_correct |   5.379437    2.481832
 n_incorrect |   3.337678     2.13759
        n_dk |   2.282885    2.455816
-------------------------------------

. 
. tabulate g43_3 [aw=wgt1]

Response to |
 guaranteed |
 25% return |
proposition |      Freq.     Percent        Cum.
------------+-----------------------------------
         No | 578.356562       20.69       20.69
 Don't know | 828.075514       29.62       50.30
        Yes | 1,389.5679       49.70      100.00
------------+-----------------------------------
      Total |      2,796      100.00

. tabulate sex agecat [aw=wgt1], row nofreq

    Gender |
(non-binar |
y randomly |
 assigned) |
     [from |
State-by-S |
      tate | Age [from State-by-State Survey]
   Survey] |     18-34      35-54        55+ |     Total
-----------+---------------------------------+----------
      Male |     20.44      31.90      47.66 |    100.00 
    Female |     25.06      29.40      45.54 |    100.00 
-----------+---------------------------------+----------
     Total |     22.44      30.82      46.74 |    100.00 

. 
end of do-file

. do "/var/folders/gh/09k67mdn3ks9zh6wymygw2880000gn/T//SD06348.000000"

. display _newline as text "  item  opts   %corr   %inc    %DK   acc|attempt  chance   diff"

  item  opts   %corr   %inc    %DK   acc|attempt  chance   diff

. local i = 0

. foreach v of local qitems {
  2.     local ++i
  3.     local k : word `i' of `qkeys'
  4.     local o : word `i' of `qopts'
  5.     quietly summarize wgt1
  6.     local tot = r(sum)
  7.     quietly summarize wgt1 if `v' == `k'
  8.     local wc = cond(r(N)==0, 0, r(sum))
  9.     quietly summarize wgt1 if !inlist(`v', `k', 98, 99)
 10.     local wx = cond(r(N)==0, 0, r(sum))
 11.     quietly summarize wgt1 if `v' == 98
 12.     local wd = cond(r(N)==0, 0, r(sum))
 13.     local acc    = 100 * `wc' / (`wc' + `wx')
 14.     local chance = 100 / `o'
 15.     display as text "  " %-4s "`v'" %5.0f `o' ///
>         as result %8.1f 100*`wc'/`tot' %7.1f 100*`wx'/`tot' %7.1f 100*`wd'/`tot' ///
>         %11.1f `acc' %8.1f `chance' %8.1f `acc'-`chance'
 16. }

. 
. * Distractor concentration. Under uniform random guessing, errors would spread
. * roughly evenly across the wrong options. Where a single distractor absorbs most
. * of them, the defensible phrasing is "consistent with systematic misunderstanding
. * rather than uniform random responding" — never "respondents misunderstand X".
. 
. display _newline as text "  Distribution of responses within each item (weighted %):"

  Distribution of responses within each item (weighted %):

. foreach v of local qitems {
  2.     display _newline as text "  --- `v' ---"
  3.     tabulate `v' [aw=wgt1] if !inlist(`v', 98, 99)
  4. }

. 
end of do-file

. do "/var/folders/gh/09k67mdn3ks9zh6wymygw2880000gn/T//SD06348.000000"

. local qitems  g4 g5 g6 g7 g21 g8 g44 g22 g11 g12 g13

. local qkeys   1  2  2  1  2   1  3   2   3   3   4

. local qopts   4  4  3  2  2   5  3   3   3   3   4

. 
. display _newline as text "  item  opts   %corr   %inc    %DK   acc|attempt  chance   diff"

  item  opts   %corr   %inc    %DK   acc|attempt  chance   diff

. 
. local i = 0

. 
. foreach v of local qitems {
  2. 
.     local ++i
  3.     local k : word `i' of `qkeys'
  4.     local o : word `i' of `qopts'
  5. 
.     quietly summarize wgt1
  6.     local tot = r(sum)
  7. 
.     quietly summarize wgt1 if `v' == `k'
  8.     local wc = cond(r(N)==0, 0, r(sum))
  9. 
.     quietly summarize wgt1 if !inlist(`v', `k', 98, 99)
 10.     local wx = cond(r(N)==0, 0, r(sum))
 11. 
.     quietly summarize wgt1 if `v' == 98
 12.     local wd = cond(r(N)==0, 0, r(sum))
 13. 
.     local acc    = 100 * `wc' / (`wc' + `wx')
 14.     local chance = 100 / `o'
 15. 
.     display as text "  " %-4s "`v'" %5.0f `o' ///
>         as result %8.1f 100*`wc'/`tot' ///
>         %7.1f 100*`wx'/`tot' ///
>         %7.1f 100*`wd'/`tot' ///
>         %11.1f `acc' ///
>         %8.1f `chance' ///
>         %8.1f `acc'-`chance'
 16. }
  g4      4    74.5   20.4    5.1       78.5    25.0    53.5
  g5      4    61.9   17.2   20.8       78.2    25.0    53.2
  g6      3    51.9   23.8   24.3       68.5    33.3    35.2
  g7      2    74.7   14.3   11.0       83.9    50.0    33.9
  g21     2    41.1   47.8   11.1       46.3    50.0    -3.7
  g8      5    52.6   22.6   24.7       69.9    20.0    49.9
  g44     3    77.4   11.1   11.4       87.5    33.3    54.1
  g22     3    30.2   29.7   40.1       50.4    33.3    17.1
  g11     3    30.0   37.3   32.7       44.6    33.3    11.3
  g12     3    20.3   54.9   24.8       27.0    33.3    -6.3
  g13     4    23.2   54.6   22.2       29.8    25.0     4.8

. 
end of do-file

. do "/var/folders/gh/09k67mdn3ks9zh6wymygw2880000gn/T//SD06348.000000"

. svy: mlogit g43_3 ///
>     c.n_correct c.n_dk ///
>     i.agecat i.educ i.income i.sex i.ethnicity, ///
>     baseoutcome(1)
(running mlogit on estimation sample)

Survey: Multinomial logistic regression

Number of strata =     1                          Number of obs   =      2,796
Number of PSUs   = 2,796                          Population size = 2,794.2146
                                                  Design df       =      2,795
                                                  F(18, 2778)     =      16.47
                                                  Prob > F        =     0.0000

---------------------------------------------------------------------------------------
                      |             Linearized
                g43_3 | Coefficient  std. err.      t    P>|t|     [95% conf. interval]
----------------------+----------------------------------------------------------------
No                    |  (base outcome)
----------------------+----------------------------------------------------------------
Don_t_know            |
            n_correct |   .0180584   .0376342     0.48   0.631    -.0557353    .0918522
                 n_dk |   .1006891   .0413065     2.44   0.015     .0196948    .1816835
                      |
               agecat |
               35-54  |   .2272171   .2742937     0.83   0.408    -.3106216    .7650558
                 55+  |   .6870896   .2535897     2.71   0.007     .1898477    1.184332
                      |
                 educ |
College grad or more  |   .0629476   .1394025     0.45   0.652    -.2103947    .3362899
                      |
               income |
          $50K-$100K  |   .0211775   .1965626     0.11   0.914     -.364245    .4066001
              $100K+  |  -.0027043   .1875375    -0.01   0.988    -.3704304    .3650217
                      |
                  sex |
              Female  |   .4651192   .1429844     3.25   0.001     .1847536    .7454849
                      |
            ethnicity |
           Non-White  |  -.5611126   .1755644    -3.20   0.001    -.9053615   -.2168638
                _cons |  -.5740403   .3887991    -1.48   0.140    -1.336403    .1883221
----------------------+----------------------------------------------------------------
Yes                   |
            n_correct |  -.1652383   .0358864    -4.60   0.000    -.2356049   -.0948718
                 n_dk |  -.1542286   .0415137    -3.72   0.000    -.2356292    -.072828
                      |
               agecat |
               35-54  |    .094331   .2278972     0.41   0.679    -.3525327    .5411948
                 55+  |    -.55407   .2166849    -2.56   0.011    -.9789485   -.1291915
                      |
                 educ |
College grad or more  |  -.2080471   .1345352    -1.55   0.122    -.4718454    .0557512
                      |
               income |
          $50K-$100K  |   .0415935   .2061735     0.20   0.840    -.3626743    .4458613
              $100K+  |    .022626   .1953558     0.12   0.908    -.3604303    .4056823
                      |
                  sex |
              Female  |   .1083013   .1453973     0.74   0.456    -.1767956    .3933983
                      |
            ethnicity |
           Non-White  |  -.2655449   .1571168    -1.69   0.091    -.5736216    .0425318
                _cons |   2.428892   .3631005     6.69   0.000      1.71692    3.140865
---------------------------------------------------------------------------------------

. 
. estimates store mA_mlogit

. 
end of do-file

. do "/var/folders/gh/09k67mdn3ks9zh6wymygw2880000gn/T//SD06348.000000"

. margins, dydx(n_correct n_dk) predict(outcome(3))

Average marginal effects

Number of strata =     1                          Number of obs   =      2,796
Number of PSUs   = 2,796                          Population size = 2,794.2146
Model VCE: Linearized                             Design df       =      2,795

Expression: Pr(g43_3==Yes), predict(outcome(3))
dy/dx wrt:  n_correct n_dk

------------------------------------------------------------------------------
             |            Delta-method
             |      dy/dx   std. err.      t    P>|t|     [95% conf. interval]
-------------+----------------------------------------------------------------
   n_correct |  -.0389412   .0059478    -6.55   0.000    -.0506039   -.0272786
        n_dk |  -.0466696   .0063719    -7.32   0.000    -.0591638   -.0341755
------------------------------------------------------------------------------

. margins, dydx(n_correct n_dk) predict(outcome(2))

Average marginal effects

Number of strata =     1                          Number of obs   =      2,796
Number of PSUs   = 2,796                          Population size = 2,794.2146
Model VCE: Linearized                             Design df       =      2,795

Expression: Pr(g43_3==Don_t_know), predict(outcome(2))
dy/dx wrt:  n_correct n_dk

------------------------------------------------------------------------------
             |            Delta-method
             |      dy/dx   std. err.      t    P>|t|     [95% conf. interval]
-------------+----------------------------------------------------------------
   n_correct |   .0236948    .005357     4.42   0.000     .0131907     .034199
        n_dk |   .0376586   .0053941     6.98   0.000     .0270817    .0482355
------------------------------------------------------------------------------

. margins, dydx(n_correct n_dk) predict(outcome(1))

Average marginal effects

Number of strata =     1                          Number of obs   =      2,796
Number of PSUs   = 2,796                          Population size = 2,794.2146
Model VCE: Linearized                             Design df       =      2,795

Expression: Pr(g43_3==No), predict(outcome(1))
dy/dx wrt:  n_correct n_dk

------------------------------------------------------------------------------
             |            Delta-method
             |      dy/dx   std. err.      t    P>|t|     [95% conf. interval]
-------------+----------------------------------------------------------------
   n_correct |   .0152464   .0052095     2.93   0.003     .0050315    .0254613
        n_dk |    .009011   .0060716     1.48   0.138    -.0028942    .0209163
------------------------------------------------------------------------------

. 
end of do-file

. do "/var/folders/gh/09k67mdn3ks9zh6wymygw2880000gn/T//SD06348.000000"

. display _newline as result "  C3a. ADD SELF-ASSESSED INVESTMENT KNOWLEDGE (G2)"

  C3a. ADD SELF-ASSESSED INVESTMENT KNOWLEDGE (G2)

. 
. svy: mlogit g43_3 ///
>     c.n_correct c.n_dk c.g2_scale ///
>     i.agecat i.educ i.income i.sex i.ethnicity, ///
>     baseoutcome(1)
(running mlogit on estimation sample)

Survey: Multinomial logistic regression

Number of strata =     1                          Number of obs   =      2,783
Number of PSUs   = 2,783                          Population size = 2,776.5518
                                                  Design df       =      2,782
                                                  F(20, 2763)     =      15.34
                                                  Prob > F        =     0.0000

---------------------------------------------------------------------------------------
                      |             Linearized
                g43_3 | Coefficient  std. err.      t    P>|t|     [95% conf. interval]
----------------------+----------------------------------------------------------------
No                    |  (base outcome)
----------------------+----------------------------------------------------------------
Don_t_know            |
            n_correct |   .0191864   .0376009     0.51   0.610    -.0545421     .092915
                 n_dk |   .0691105     .04202     1.64   0.100    -.0132829     .151504
             g2_scale |  -.1597311   .0560696    -2.85   0.004    -.2696734   -.0497889
                      |
               agecat |
               35-54  |   .1748357   .2773591     0.63   0.529    -.3690148    .7186862
                 55+  |   .6593558   .2558301     2.58   0.010     .1577198    1.160992
                      |
                 educ |
College grad or more  |   .0784905   .1404856     0.56   0.576    -.1969761    .3539572
                      |
               income |
          $50K-$100K  |  -.0073161   .1964403    -0.04   0.970    -.3924996    .3778673
              $100K+  |  -.0237775   .1892956    -0.13   0.900    -.3949514    .3473965
                      |
                  sex |
              Female  |   .3926042   .1413541     2.78   0.006     .1154346    .6697738
                      |
            ethnicity |
           Non-White  |  -.5857211   .1736497    -3.37   0.001    -.9262165   -.2452257
                _cons |   .2980079   .4697667     0.63   0.526    -.6231186    1.219134
----------------------+----------------------------------------------------------------
Yes                   |
            n_correct |  -.1659766   .0357526    -4.64   0.000    -.2360808   -.0958724
                 n_dk |   -.164772   .0421163    -3.91   0.000    -.2473543   -.0821897
             g2_scale |  -.0993245   .0565696    -1.76   0.079     -.210247    .0115981
                      |
               agecat |
               35-54  |   .0346767   .2306496     0.15   0.881     -.417585    .4869383
                 55+  |  -.5959099   .2182977    -2.73   0.006    -1.023952   -.1678681
                      |
                 educ |
College grad or more  |  -.2032713   .1358725    -1.50   0.135    -.4696924    .0631499
                      |
               income |
          $50K-$100K  |  -.0007187   .2070133    -0.00   0.997    -.4066338    .4051965
              $100K+  |  -.0026643    .198356    -0.01   0.989    -.3916042    .3862756
                      |
                  sex |
              Female  |   .0425446   .1452945     0.29   0.770    -.2423513    .3274406
                      |
            ethnicity |
           Non-White  |  -.2874167   .1551842    -1.85   0.064    -.5917045    .0168712
                _cons |   3.017322   .4566354     6.61   0.000     2.121943      3.9127
---------------------------------------------------------------------------------------

. 
. estimates store mB_g2

. 
end of do-file

. do "/var/folders/gh/09k67mdn3ks9zh6wymygw2880000gn/T//SD06348.000000"

. margins, dydx(n_correct n_dk g2_scale) predict(outcome(3))

Average marginal effects

Number of strata =     1                          Number of obs   =      2,783
Number of PSUs   = 2,783                          Population size = 2,776.5518
Model VCE: Linearized                             Design df       =      2,782

Expression: Pr(g43_3==Yes), predict(outcome(3))
dy/dx wrt:  n_correct n_dk g2_scale

------------------------------------------------------------------------------
             |            Delta-method
             |      dy/dx   std. err.      t    P>|t|     [95% conf. interval]
-------------+----------------------------------------------------------------
   n_correct |  -.0392912    .005965    -6.59   0.000    -.0509875   -.0275949
        n_dk |  -.0451937   .0066445    -6.80   0.000    -.0582222   -.0321651
    g2_scale |  -.0023517   .0093485    -0.25   0.801    -.0206824    .0159789
------------------------------------------------------------------------------

. 
end of do-file

. do "/var/folders/gh/09k67mdn3ks9zh6wymygw2880000gn/T//SD06348.000000"

. gen byte esample_B = !missing(g2_scale, g43_3, n_correct, n_dk, agecat, educ, income, sex, ethnici
> ty)

. 
. quietly count if esample_B

. display as text "  Common estimation sample for A vs B: " as result r(N)
  Common estimation sample for A vs B: 2783

. 
. svy, subpop(esample_B): mlogit g43_3 ///
>     c.n_correct c.n_dk ///
>     i.agecat i.educ i.income i.sex i.ethnicity, ///
>     baseoutcome(1)
(running mlogit on estimation sample)

Survey: Multinomial logistic regression

Number of strata =     1                          Number of obs   =      2,797
Number of PSUs   = 2,797                          Population size = 2,794.8303
Subpop. no. PSUs = 2,783                          Subpop. no. obs =      2,783
                                                  Subpop. size    = 2,776.5518
                                                  Design df       =      2,796
                                                  F(18, 2779)     =      16.54
                                                  Prob > F        =     0.0000

---------------------------------------------------------------------------------------
                      |             Linearized
                g43_3 | Coefficient  std. err.      t    P>|t|     [95% conf. interval]
----------------------+----------------------------------------------------------------
No                    |  (base outcome)
----------------------+----------------------------------------------------------------
Don_t_know            |
            n_correct |   .0167729   .0376339     0.45   0.656    -.0570202    .0905659
                 n_dk |   .1076127    .040564     2.65   0.008     .0280743     .187151
                      |
               agecat |
               35-54  |   .1786743   .2766157     0.65   0.518    -.3637173    .7210658
                 55+  |   .6333351   .2545095     2.49   0.013     .1342896    1.132381
                      |
                 educ |
College grad or more  |   .0624917   .1403715     0.45   0.656    -.2127506     .337734
                      |
               income |
          $50K-$100K  |   -.022363   .1962088    -0.11   0.909    -.4070918    .3623658
              $100K+  |  -.0516816   .1886806    -0.27   0.784    -.4216488    .3182857
                      |
                  sex |
              Female  |   .4383473   .1400128     3.13   0.002     .1638085    .7128861
                      |
            ethnicity |
           Non-White  |  -.5987498   .1734979    -3.45   0.001    -.9389467   -.2585528
                _cons |  -.4767193   .3878815    -1.23   0.219    -1.237282    .2838436
----------------------+----------------------------------------------------------------
Yes                   |
            n_correct |  -.1660244   .0358905    -4.63   0.000    -.2363991   -.0956498
                 n_dk |  -.1386965   .0407619    -3.40   0.001    -.2186231     -.05877
                      |
               agecat |
               35-54  |   .0438873   .2301154     0.19   0.849    -.4073259    .4951006
                 55+  |  -.6037329   .2173324    -2.78   0.006    -1.029881   -.1775848
                      |
                 educ |
College grad or more  |  -.2108892   .1352134    -1.56   0.119    -.4760174    .0542389
                      |
               income |
          $50K-$100K  |  -.0111192   .2071951    -0.05   0.957      -.41739    .3951515
              $100K+  |  -.0174162   .1972063    -0.09   0.930    -.4041008    .3692684
                      |
                  sex |
              Female  |   .0728752   .1431163     0.51   0.611     -.207749    .3534994
                      |
            ethnicity |
           Non-White  |  -.2952531   .1547265    -1.91   0.056    -.5986428    .0081367
                _cons |   2.508482   .3643201     6.89   0.000     1.794119    3.222846
---------------------------------------------------------------------------------------

. 
. estimates store modelA

. 
. margins, dydx(n_dk) predict(outcome(3))

Average marginal effects

Number of strata =     1                          Number of obs   =      2,797
Number of PSUs   = 2,797                          Population size = 2,794.8303
Model VCE: Linearized                             Design df       =      2,796

Expression: Pr(g43_3==Yes), predict(outcome(3))
dy/dx wrt:  n_dk

------------------------------------------------------------------------------
             |            Delta-method
             |      dy/dx   std. err.      t    P>|t|     [95% conf. interval]
-------------+----------------------------------------------------------------
        n_dk |  -.0441776   .0064486    -6.85   0.000    -.0568221    -.031533
------------------------------------------------------------------------------

. 
end of do-file

. do "/var/folders/gh/09k67mdn3ks9zh6wymygw2880000gn/T//SD06348.000000"

. display _newline as result "  C3b. ADD GENERAL NON-QUIZ DK PROPENSITY"

  C3b. ADD GENERAL NON-QUIZ DK PROPENSITY

. 
. svy: mlogit g43_3 ///
>     c.n_correct c.n_dk c.nonquiz_dk_share ///
>     i.agecat i.educ i.income i.sex i.ethnicity, ///
>     baseoutcome(1)
(running mlogit on estimation sample)

Survey: Multinomial logistic regression

Number of strata =     1                          Number of obs   =      2,796
Number of PSUs   = 2,796                          Population size = 2,794.2146
                                                  Design df       =      2,795
                                                  F(20, 2776)     =      16.83
                                                  Prob > F        =     0.0000

---------------------------------------------------------------------------------------
                      |             Linearized
                g43_3 | Coefficient  std. err.      t    P>|t|     [95% conf. interval]
----------------------+----------------------------------------------------------------
No                    |  (base outcome)
----------------------+----------------------------------------------------------------
Don_t_know            |
            n_correct |   .0188283   .0377477     0.50   0.618    -.0551879    .0928445
                 n_dk |   .0286268   .0444298     0.64   0.519    -.0584917    .1157454
     nonquiz_dk_share |   4.491953     1.1489     3.91   0.000     2.239175     6.74473
                      |
               agecat |
               35-54  |   .2110817   .2737497     0.77   0.441    -.3256902    .7478536
                 55+  |   .6660674   .2512884     2.65   0.008     .1733379    1.158797
                      |
                 educ |
College grad or more  |   .0687629   .1404565     0.49   0.624    -.2066462    .3441719
                      |
               income |
          $50K-$100K  |   .0216692   .1962951     0.11   0.912    -.3632288    .4065672
              $100K+  |  -.0049181   .1898596    -0.03   0.979    -.3771973     .367361
                      |
                  sex |
              Female  |   .4055159    .142617     2.84   0.004     .1258706    .6851612
                      |
            ethnicity |
           Non-White  |  -.5260243   .1752056    -3.00   0.003    -.8695698   -.1824789
                _cons |  -.6832559   .3847581    -1.78   0.076    -1.437695    .0711828
----------------------+----------------------------------------------------------------
Yes                   |
            n_correct |  -.1650751   .0357678    -4.62   0.000     -.235209   -.0949412
                 n_dk |    -.17499   .0445169    -3.93   0.000    -.2622793   -.0877006
     nonquiz_dk_share |   1.458234   1.213567     1.20   0.230    -.9213442    3.837813
                      |
               agecat |
               35-54  |   .0847365   .2287498     0.37   0.711    -.3637992    .5332722
                 55+  |   -.566356   .2168482    -2.61   0.009    -.9915547   -.1411573
                      |
                 educ |
College grad or more  |   -.206007   .1352366    -1.52   0.128    -.4711808    .0591667
                      |
               income |
          $50K-$100K  |   .0404731   .2056317     0.20   0.844    -.3627321    .4436784
              $100K+  |   .0212154   .1961075     0.11   0.914    -.3633147    .4057456
                      |
                  sex |
              Female  |    .090016   .1443042     0.62   0.533    -.1929377    .3729696
                      |
            ethnicity |
           Non-White  |  -.2572771   .1583177    -1.63   0.104    -.5677087    .0531544
                _cons |   2.402902   .3648603     6.59   0.000     1.687479    3.118325
---------------------------------------------------------------------------------------

. 
. estimates store mC_dkprop

. 
end of do-file

. do "/var/folders/gh/09k67mdn3ks9zh6wymygw2880000gn/T//SD06348.000000"

. margins, dydx(n_correct n_dk nonquiz_dk_share) predict(outcome(3))

Average marginal effects

Number of strata =     1                          Number of obs   =      2,796
Number of PSUs   = 2,796                          Population size = 2,794.2146
Model VCE: Linearized                             Design df       =      2,795

Expression: Pr(g43_3==Yes), predict(outcome(3))
dy/dx wrt:  n_correct n_dk nonquiz_dk_share

----------------------------------------------------------------------------------
                 |            Delta-method
                 |      dy/dx   std. err.      t    P>|t|     [95% conf. interval]
-----------------+----------------------------------------------------------------
       n_correct |  -.0388988   .0059366    -6.55   0.000    -.0505394   -.0272583
            n_dk |  -.0422932    .007004    -6.04   0.000    -.0560268   -.0285597
nonquiz_dk_share |  -.2250136   .1861586    -1.21   0.227    -.5900358    .1400086
----------------------------------------------------------------------------------

. 
end of do-file

. do "/var/folders/gh/09k67mdn3ks9zh6wymygw2880000gn/T//SD06348.000000"

. display _newline as result "  C3c. ADD G2 + GENERAL NON-QUIZ DK PROPENSITY"

  C3c. ADD G2 + GENERAL NON-QUIZ DK PROPENSITY

. 
. svy: mlogit g43_3 ///
>     c.n_correct c.n_dk c.g2_scale c.nonquiz_dk_share ///
>     i.agecat i.educ i.income i.sex i.ethnicity, ///
>     baseoutcome(1)
(running mlogit on estimation sample)

Survey: Multinomial logistic regression

Number of strata =     1                          Number of obs   =      2,783
Number of PSUs   = 2,783                          Population size = 2,776.5518
                                                  Design df       =      2,782
                                                  F(22, 2761)     =      15.68
                                                  Prob > F        =     0.0000

---------------------------------------------------------------------------------------
                      |             Linearized
                g43_3 | Coefficient  std. err.      t    P>|t|     [95% conf. interval]
----------------------+----------------------------------------------------------------
No                    |  (base outcome)
----------------------+----------------------------------------------------------------
Don_t_know            |
            n_correct |   .0194897   .0377154     0.52   0.605    -.0544633    .0934426
                 n_dk |   .0198184   .0440723     0.45   0.653    -.0665994    .1062362
             g2_scale |  -.1088906   .0594463    -1.83   0.067    -.2254539    .0076728
     nonquiz_dk_share |   3.994788   1.238123     3.23   0.001     1.567054    6.422522
                      |
               agecat |
               35-54  |   .1609064   .2759838     0.58   0.560    -.3802473    .7020601
                 55+  |   .6269327    .252947     2.48   0.013     .1309499    1.122916
                      |
                 educ |
College grad or more  |   .0776246    .141471     0.55   0.583    -.1997742    .3550235
                      |
               income |
          $50K-$100K  |  -.0157368   .1957456    -0.08   0.936    -.3995582    .3680846
              $100K+  |  -.0369978   .1904684    -0.19   0.846    -.4104715    .3364759
                      |
                  sex |
              Female  |   .3501009   .1402588     2.50   0.013      .075079    .6251227
                      |
            ethnicity |
           Non-White  |  -.5557298   .1733881    -3.21   0.001    -.8957121   -.2157475
                _cons |  -.0429236   .4798291    -0.09   0.929    -.9837808    .8979335
----------------------+----------------------------------------------------------------
Yes                   |
            n_correct |   -.166015   .0356387    -4.66   0.000     -.235896    -.096134
                 n_dk |  -.1778464   .0440617    -4.04   0.000    -.2642434   -.0914494
             g2_scale |  -.0863145   .0600112    -1.44   0.150    -.2039856    .0313565
     nonquiz_dk_share |   1.204122   1.305716     0.92   0.357    -1.356148    3.764392
                      |
               agecat |
               35-54  |   .0285164   .2310495     0.12   0.902    -.4245294    .4815622
                 55+  |    -.60728   .2177966    -2.79   0.005    -1.034339   -.1802207
                      |
                 educ |
College grad or more  |  -.2025359   .1364485    -1.48   0.138    -.4700865    .0650146
                      |
               income |
          $50K-$100K  |  -.0040451   .2062478    -0.02   0.984    -.4084593    .4003691
              $100K+  |  -.0057984   .1980834    -0.03   0.977    -.3942038     .382607
                      |
                  sex |
              Female  |   .0307299   .1433541     0.21   0.830    -.2503613    .3118211
                      |
            ethnicity |
           Non-White  |  -.2810474    .156262    -1.80   0.072    -.5874487    .0253539
                _cons |    2.92952   .4801987     6.10   0.000     1.987938    3.871102
---------------------------------------------------------------------------------------

. 
. estimates store mD_g2_dkprop

. 
end of do-file

. do "/var/folders/gh/09k67mdn3ks9zh6wymygw2880000gn/T//SD06348.000000"

. margins, dydx(n_correct n_dk g2_scale nonquiz_dk_share) predict(outcome(3))

Average marginal effects

Number of strata =     1                          Number of obs   =      2,783
Number of PSUs   = 2,783                          Population size = 2,776.5518
Model VCE: Linearized                             Design df       =      2,782

Expression: Pr(g43_3==Yes), predict(outcome(3))
dy/dx wrt:  n_correct n_dk g2_scale nonquiz_dk_share

----------------------------------------------------------------------------------
                 |            Delta-method
                 |      dy/dx   std. err.      t    P>|t|     [95% conf. interval]
-----------------+----------------------------------------------------------------
       n_correct |  -.0392449   .0059523    -6.59   0.000    -.0509162   -.0275736
            n_dk |  -.0419116   .0070528    -5.94   0.000    -.0557409   -.0280824
        g2_scale |  -.0058013   .0096991    -0.60   0.550    -.0248195     .013217
nonquiz_dk_share |  -.2228146   .1981368    -1.12   0.261    -.6113245    .1656953
----------------------------------------------------------------------------------

. 
end of do-file

. do "/var/folders/gh/09k67mdn3ks9zh6wymygw2880000gn/T//SD06348.000000"

. display _newline as result "  C4a. BINARY: YES VS NO ONLY"

  C4a. BINARY: YES VS NO ONLY

. 
. svy: logit g43_yes_no ///
>     c.n_correct c.n_dk ///
>     i.agecat i.educ i.income i.sex i.ethnicity
(running logit on estimation sample)

Survey: Logistic regression

Number of strata =     1                          Number of obs   =      1,828
Number of PSUs   = 1,828                          Population size = 1,966.6679
                                                  Design df       =      1,827
                                                  F(9, 1819)      =       6.83
                                                  Prob > F        =     0.0000

---------------------------------------------------------------------------------------
                      |             Linearized
           g43_yes_no | Coefficient  std. err.      t    P>|t|     [95% conf. interval]
----------------------+----------------------------------------------------------------
            n_correct |  -.1619914   .0358245    -4.52   0.000    -.2322527   -.0917301
                 n_dk |  -.1492503   .0421805    -3.54   0.000    -.2319774   -.0665232
                      |
               agecat |
               35-54  |   .1076854   .2291747     0.47   0.638    -.3417865    .5571573
                 55+  |  -.5247536   .2165393    -2.42   0.015    -.9494441   -.1000631
                      |
                 educ |
College grad or more  |  -.1959664   .1365801    -1.43   0.152     -.463836    .0719032
                      |
               income |
          $50K-$100K  |   .0453323   .2076012     0.22   0.827    -.3618285     .452493
              $100K+  |   .0220853   .1989336     0.11   0.912    -.3680758    .4122465
                      |
                  sex |
              Female  |   .1329633   .1436617     0.93   0.355     -.148795    .4147217
                      |
            ethnicity |
           Non-White  |  -.2485175   .1588055    -1.56   0.118    -.5599769    .0629418
                _cons |   2.361194   .3491929     6.76   0.000     1.676335    3.046054
---------------------------------------------------------------------------------------

. 
. estimates store mE_yesno

. 
end of do-file

. do "/var/folders/gh/09k67mdn3ks9zh6wymygw2880000gn/T//SD06348.000000"

. margins, dydx(n_correct n_dk)

Average marginal effects

Number of strata =     1                          Number of obs   =      1,828
Number of PSUs   = 1,828                          Population size = 1,966.6679
Model VCE: Linearized                             Design df       =      1,827

Expression: Pr(g43_yes_no), predict()
dy/dx wrt:  n_correct n_dk

------------------------------------------------------------------------------
             |            Delta-method
             |      dy/dx   std. err.      t    P>|t|     [95% conf. interval]
-------------+----------------------------------------------------------------
   n_correct |  -.0319335   .0068369    -4.67   0.000    -.0453424   -.0185245
        n_dk |  -.0294218   .0082403    -3.57   0.000    -.0455832   -.0132605
------------------------------------------------------------------------------

. 
end of do-file

. do "/var/folders/gh/09k67mdn3ks9zh6wymygw2880000gn/T//SD06348.000000"

. 
. display _newline as result "  C4b. BINARY: YES VS NO + DK"

  C4b. BINARY: YES VS NO + DK

. 
. svy: logit g43_yes_all ///
>     c.n_correct c.n_dk ///
>     i.agecat i.educ i.income i.sex i.ethnicity
(running logit on estimation sample)

Survey: Logistic regression

Number of strata =     1                          Number of obs   =      2,796
Number of PSUs   = 2,796                          Population size = 2,794.2146
                                                  Design df       =      2,795
                                                  F(9, 2787)      =      21.15
                                                  Prob > F        =     0.0000

---------------------------------------------------------------------------------------
                      |             Linearized
          g43_yes_all | Coefficient  std. err.      t    P>|t|     [95% conf. interval]
----------------------+----------------------------------------------------------------
            n_correct |  -.1718107   .0280268    -6.13   0.000    -.2267661   -.1168554
                 n_dk |  -.2106356   .0297849    -7.07   0.000    -.2690383    -.152233
                      |
               agecat |
               35-54  |  -.0106695   .1824426    -0.06   0.953    -.3684053    .3470663
                 55+  |  -.9285791   .1760307    -5.28   0.000    -1.273743   -.5834158
                      |
                 educ |
College grad or more  |  -.2352623   .1062479    -2.21   0.027    -.4435946     -.02693
                      |
               income |
          $50K-$100K  |   .0329955   .1525389     0.22   0.829    -.2661048    .3320958
              $100K+  |   .0290714   .1471347     0.20   0.843    -.2594323     .317575
                      |
                  sex |
              Female  |  -.1501188   .1065098    -1.41   0.159    -.3589646     .058727
                      |
            ethnicity |
           Non-White  |   .0095028   .1310528     0.07   0.942    -.2474673     .266473
                _cons |   1.996016    .280124     7.13   0.000     1.446745    2.545287
---------------------------------------------------------------------------------------

. 
. estimates store mF_yesall

. 
end of do-file

. do "/var/folders/gh/09k67mdn3ks9zh6wymygw2880000gn/T//SD06348.000000"

. margins, dydx(n_correct n_dk)

Average marginal effects

Number of strata =     1                          Number of obs   =      2,796
Number of PSUs   = 2,796                          Population size = 2,794.2146
Model VCE: Linearized                             Design df       =      2,795

Expression: Pr(g43_yes_all), predict()
dy/dx wrt:  n_correct n_dk

------------------------------------------------------------------------------
             |            Delta-method
             |      dy/dx   std. err.      t    P>|t|     [95% conf. interval]
-------------+----------------------------------------------------------------
   n_correct |  -.0381942   .0059844    -6.38   0.000    -.0499284     -.02646
        n_dk |  -.0468251   .0062649    -7.47   0.000    -.0591095   -.0345407
------------------------------------------------------------------------------

. 
end of do-file

. do "/var/folders/gh/09k67mdn3ks9zh6wymygw2880000gn/T//SD06348.000000"

. summarize nonquiz_dk_share nonquiz_dk_n, detail

             Share of non-quiz items answered DK
-------------------------------------------------------------
      Percentiles      Smallest
 1%            0              0
 5%            0              0
10%            0              0       Obs               2,797
25%            0              0       Sum of wgt.       2,797

50%     .0333333                      Mean           .0673221
                        Largest       Std. dev.      .0813032
75%           .1       .5333333
90%     .1666667       .5333333       Variance       .0066102
95%     .2333333       .5666667       Skewness       1.904616
99%     .3666667       .6333333       Kurtosis       8.072183

           Count of DK responses on non-quiz items
-------------------------------------------------------------
      Percentiles      Smallest
 1%            0              0
 5%            0              0
10%            0              0       Obs               2,797
25%            0              0       Sum of wgt.       2,797

50%            1                      Mean           2.019664
                        Largest       Std. dev.      2.439095
75%            3             16
90%            5             16       Variance       5.949184
95%            7             17       Skewness       1.904616
99%           11             19       Kurtosis       8.072183

. 
. correlate n_dk nonquiz_dk_share
(obs=2,797)

             |     n_dk nonqui~e
-------------+------------------
        n_dk |   1.0000
nonquiz_dk~e |   0.5265   1.0000


. 
end of do-file

. do "/var/folders/gh/09k67mdn3ks9zh6wymygw2880000gn/T//SD06348.000000"

. display _newline as result "  C5b. LOOSE SAMPLE RULE"

  C5b. LOOSE SAMPLE RULE

. 
. preserve

. 
.     use "$OUT/nfcs_p1_validated_full.dta", clear

.     svyset [pweight = wgt1]

Sampling weights: wgt1
             VCE: linearized
      Subpop. df: off
     Single unit: missing
        Strata 1: <one>
 Sampling unit 1: <observations>
           FPC 1: <zero>

. 
.     quietly count

.     display as text "  Full loose-rule dataset: " as result r(N) ///
>         as text "  (expected 2,861)"
  Full loose-rule dataset: 2861  (expected 2,861)

. 
.     quietly count if !missing(g43_3)

.     display as text "  G43 model-eligible observations: " as result r(N) ///
>         as text "  (expected 2,854)"
  G43 model-eligible observations: 2854  (expected 2,854)

. 
.     svy: mlogit g43_3 ///
>         c.n_correct c.n_dk ///
>         i.agecat i.educ i.income i.sex i.ethnicity, ///
>         baseoutcome(1)
(running mlogit on estimation sample)

Survey: Multinomial logistic regression

Number of strata =     1                          Number of obs   =      2,854
Number of PSUs   = 2,854                          Population size = 2,854.9892
                                                  Design df       =      2,853
                                                  F(18, 2836)     =      16.50
                                                  Prob > F        =     0.0000

---------------------------------------------------------------------------------------
                      |             Linearized
                g43_3 | Coefficient  std. err.      t    P>|t|     [95% conf. interval]
----------------------+----------------------------------------------------------------
No                    |  (base outcome)
----------------------+----------------------------------------------------------------
Don_t_know            |
            n_correct |   .0121201    .037034     0.33   0.743     -.060496    .0847362
                 n_dk |   .0960417   .0405382     2.37   0.018     .0165546    .1755288
                      |
               agecat |
               35-54  |   .2375117   .2687174     0.88   0.377    -.2893883    .7644118
                 55+  |   .6957232   .2478234     2.81   0.005     .2097921    1.181654
                      |
                 educ |
College grad or more  |   .0831405   .1381777     0.60   0.547    -.1877977    .3540786
                      |
               income |
          $50K-$100K  |   .0098839   .1956267     0.05   0.960    -.3737001    .3934679
              $100K+  |   .0004463   .1872643     0.00   0.998    -.3667409    .3676334
                      |
                  sex |
              Female  |    .486375   .1416005     3.43   0.001     .2087254    .7640246
                      |
            ethnicity |
           Non-White  |  -.5962616   .1730964    -3.44   0.001    -.9356683   -.2568549
                _cons |  -.5412436   .3821568    -1.42   0.157    -1.290575    .2080878
----------------------+----------------------------------------------------------------
Yes                   |
            n_correct |  -.1593821   .0347925    -4.58   0.000    -.2276031   -.0911612
                 n_dk |  -.1554632   .0404502    -3.84   0.000    -.2347778   -.0761485
                      |
               agecat |
               35-54  |   .1093534   .2242099     0.49   0.626    -.3302763    .5489832
                 55+  |  -.5284584   .2129679    -2.48   0.013     -.946045   -.1108718
                      |
                 educ |
College grad or more  |  -.2137313   .1328758    -1.61   0.108    -.4742737     .046811
                      |
               income |
          $50K-$100K  |   .0030349   .2044898     0.01   0.988    -.3979278    .4039976
              $100K+  |  -.0133007   .1940618    -0.07   0.945    -.3938162    .3672148
                      |
                  sex |
              Female  |   .1287282   .1440171     0.89   0.371      -.15366    .4111164
                      |
            ethnicity |
           Non-White  |  -.2986985   .1546446    -1.93   0.054     -.601925    .0045281
                _cons |   2.413482   .3543353     6.81   0.000     1.718703    3.108261
---------------------------------------------------------------------------------------

. 
.     estimates store mRob_loose

. 
.     margins, dydx(n_correct n_dk) predict(outcome(3))

Average marginal effects

Number of strata =     1                          Number of obs   =      2,854
Number of PSUs   = 2,854                          Population size = 2,854.9892
Model VCE: Linearized                             Design df       =      2,853

Expression: Pr(g43_3==Yes), predict(outcome(3))
dy/dx wrt:  n_correct n_dk

------------------------------------------------------------------------------
             |            Delta-method
             |      dy/dx   std. err.      t    P>|t|     [95% conf. interval]
-------------+----------------------------------------------------------------
   n_correct |  -.0370558   .0058611    -6.32   0.000    -.0485483   -.0255633
        n_dk |  -.0465699   .0062743    -7.42   0.000    -.0588725   -.0342673
------------------------------------------------------------------------------

. 
. restore

. 
end of do-file

. do "/var/folders/gh/09k67mdn3ks9zh6wymygw2880000gn/T//SD06348.000000"

. display _newline as result "  C5c. FINER DEMOGRAPHIC CONTROLS"

  C5c. FINER DEMOGRAPHIC CONTROLS

. 
. svy: mlogit g43_3 ///
>     c.n_correct c.n_dk ///
>     i.a3ar_w_sbs i.a5_2015_sbs i.inc_fine ///
>     i.sex i.ethnicity, ///
>     baseoutcome(1)
(running mlogit on estimation sample)

Survey: Multinomial logistic regression

Number of strata =     1                          Number of obs   =      2,796
Number of PSUs   = 2,796                          Population size = 2,794.2146
                                                  Design df       =      2,795
                                                  F(48, 2748)     =       7.77
                                                  Prob > F        =     0.0000

---------------------------------------------------------------------------------------------------
                                  |             Linearized
                            g43_3 | Coefficient  std. err.      t    P>|t|     [95% conf. interval]
----------------------------------+----------------------------------------------------------------
No                                |  (base outcome)
----------------------------------+----------------------------------------------------------------
Don_t_know                        |
                        n_correct |   .0108777   .0378146     0.29   0.774    -.0632697    .0850251
                             n_dk |   .1044829   .0406153     2.57   0.010     .0248439    .1841219
                                  |
                       a3ar_w_sbs |
                           25-34  |  -.6793589   .6746162    -1.01   0.314    -2.002155    .6434374
                           35-44  |  -.4019588   .6461279    -0.62   0.534    -1.668895    .8649772
                           45-54  |  -.3936822   .6333793    -0.62   0.534    -1.635621    .8482562
                           55-64  |   .1298112   .6235135     0.21   0.835    -1.092782    1.352405
                             65+  |   .0378148   .6197119     0.06   0.951    -1.177324    1.252954
                                  |
                      a5_2015_sbs |
High school graduate - regular..  |  -.3549224   1.227494    -0.29   0.772    -2.761809    2.051964
High school graduate - GED or ..  |   -.652087   1.267618    -0.51   0.607     -3.13765    1.833476
         Some college, no degree  |    .178333   1.213671     0.15   0.883    -2.201449    2.558115
              Associate's degree  |   .1353251   1.220497     0.11   0.912    -2.257842    2.528492
               Bachelor's degree  |   .1909403    1.20636     0.16   0.874    -2.174506    2.556387
            Post graduate degree  |  -.0941139   1.208958    -0.08   0.938    -2.464654    2.276426
                                  |
                         inc_fine |
                               2  |   .2186149    .688901     0.32   0.751    -1.132191    1.569421
                               3  |   .9530557   .6502764     1.47   0.143    -.3220148    2.228126
                               4  |   .7919184   .5981747     1.32   0.186    -.3809904    1.964827
                               5  |   .6769547   .5851667     1.16   0.247    -.4704479    1.824357
                               6  |   .7559813   .5822169     1.30   0.194    -.3856372      1.8976
                               7  |   .6426168   .5747823     1.12   0.264    -.4844238    1.769657
                               8  |   .5706614   .5855947     0.97   0.330    -.5775802    1.718903
                               9  |   .9788641   .5997531     1.63   0.103    -.1971397    2.154868
                              10  |   1.153039   .6323148     1.82   0.068    -.0868118    2.392891
                                  |
                              sex |
                          Female  |   .4527109   .1407151     3.22   0.001      .176795    .7286269
                                  |
                        ethnicity |
                       Non-White  |  -.5721124   .1743489    -3.28   0.001     -.913978   -.2302469
                            _cons |  -.6419977   1.391436    -0.46   0.645    -3.370344    2.086348
----------------------------------+----------------------------------------------------------------
Yes                               |
                        n_correct |  -.1631244   .0358894    -4.55   0.000    -.2334967   -.0927521
                             n_dk |  -.1526622   .0410212    -3.72   0.000    -.2330971   -.0722273
                                  |
                       a3ar_w_sbs |
                           25-34  |  -.2544129   .5998165    -0.42   0.671    -1.430541    .9217152
                           35-44  |   .0163088   .5700756     0.03   0.977    -1.101503     1.13412
                           45-54  |  -.2482005    .562895    -0.44   0.659    -1.351932    .8555314
                           55-64  |  -.4269693   .5569444    -0.77   0.443    -1.519033    .6650946
                             65+  |  -1.008193   .5521051    -1.83   0.068    -2.090768     .074382
                                  |
                      a5_2015_sbs |
High school graduate - regular..  |  -1.208228   1.117379    -1.08   0.280    -3.399199    .9827436
High school graduate - GED or ..  |  -1.249127   1.179829    -1.06   0.290    -3.562551    1.064298
         Some college, no degree  |  -1.026653   1.106666    -0.93   0.354    -3.196618    1.143311
              Associate's degree  |  -1.220432   1.107677    -1.10   0.271    -3.392379    .9515157
               Bachelor's degree  |  -1.185925   1.096079    -1.08   0.279    -3.335131    .9632807
            Post graduate degree  |   -1.58598   1.099785    -1.44   0.149    -3.742452    .5704924
                                  |
                         inc_fine |
                               2  |   .3654981    .653216     0.56   0.576    -.9153364    1.646333
                               3  |   .1650887   .6434923     0.26   0.798    -1.096679    1.426857
                               4  |    .465162   .5725855     0.81   0.417    -.6575712    1.587895
                               5  |   .3461782    .551951     0.63   0.531    -.7360944    1.428451
                               6  |   .4635271   .5422815     0.85   0.393    -.5997856     1.52684
                               7  |   .4306027   .5424287     0.79   0.427    -.6329987    1.494204
                               8  |   .3364761   .5477462     0.61   0.539    -.7375518    1.410504
                               9  |   .4083372   .5593754     0.73   0.465    -.6884934    1.505168
                              10  |   .4926557   .5869371     0.84   0.401    -.6582183     1.64353
                                  |
                              sex |
                          Female  |   .1045636   .1430614     0.73   0.465    -.1759532    .3850803
                                  |
                        ethnicity |
                       Non-White  |  -.2882925   .1579608    -1.83   0.068    -.5980242    .0214391
                            _cons |   3.430123    1.22309     2.80   0.005     1.031873    5.828374
---------------------------------------------------------------------------------------------------

. 
. estimates store mRob_fine

. 
end of do-file

. do "/var/folders/gh/09k67mdn3ks9zh6wymygw2880000gn/T//SD06348.000000"

. margins, dydx(n_correct n_dk) predict(outcome(3))

Average marginal effects

Number of strata =     1                          Number of obs   =      2,796
Number of PSUs   = 2,796                          Population size = 2,794.2146
Model VCE: Linearized                             Design df       =      2,795

Expression: Pr(g43_3==Yes), predict(outcome(3))
dy/dx wrt:  n_correct n_dk

------------------------------------------------------------------------------
             |            Delta-method
             |      dy/dx   std. err.      t    P>|t|     [95% conf. interval]
-------------+----------------------------------------------------------------
   n_correct |  -.0369986   .0058857    -6.29   0.000    -.0485394   -.0254579
        n_dk |  -.0460168   .0063163    -7.29   0.000    -.0584018   -.0336318
------------------------------------------------------------------------------

. 
end of do-file

. do "/var/folders/gh/09k67mdn3ks9zh6wymygw2880000gn/T//SD06348.000000"

. display _newline as result "  C6. HETEROGENEITY BY GENDER"

  C6. HETEROGENEITY BY GENDER

. 
. svy: mlogit g43_3 ///
>     c.n_correct c.n_dk##i.sex ///
>     i.agecat i.educ i.income i.ethnicity, ///
>     baseoutcome(1)
(running mlogit on estimation sample)

Survey: Multinomial logistic regression

Number of strata =     1                          Number of obs   =      2,796
Number of PSUs   = 2,796                          Population size = 2,794.2146
                                                  Design df       =      2,795
                                                  F(20, 2776)     =      14.86
                                                  Prob > F        =     0.0000

---------------------------------------------------------------------------------------
                      |             Linearized
                g43_3 | Coefficient  std. err.      t    P>|t|     [95% conf. interval]
----------------------+----------------------------------------------------------------
No                    |  (base outcome)
----------------------+----------------------------------------------------------------
Don_t_know            |
            n_correct |   .0162852   .0378905     0.43   0.667    -.0580109    .0905813
                 n_dk |   .0808008   .0569779     1.42   0.156    -.0309223    .1925239
                      |
                  sex |
              Female  |   .3726056   .1823413     2.04   0.041     .0150683    .7301428
                      |
           sex#c.n_dk |
              Female  |   .0379385   .0613396     0.62   0.536     -.082337     .158214
                      |
               agecat |
               35-54  |   .2281801   .2743443     0.83   0.406    -.3097578    .7661181
                 55+  |   .6886273   .2536918     2.71   0.007     .1911851    1.186069
                      |
                 educ |
College grad or more  |    .060856   .1396509     0.44   0.663    -.2129734    .3346853
                      |
               income |
          $50K-$100K  |   .0218081     .19641     0.11   0.912    -.3633153    .4069314
              $100K+  |  -.0017629   .1876391    -0.01   0.993    -.3696881    .3661623
                      |
            ethnicity |
           Non-White  |  -.5580974   .1756981    -3.18   0.002    -.9026086   -.2135862
                _cons |  -.5289321   .3903076    -1.36   0.175    -1.294252    .2363881
----------------------+----------------------------------------------------------------
Yes                   |
            n_correct |  -.1667201   .0361135    -4.62   0.000    -.2375319   -.0959083
                 n_dk |  -.1750964   .0583767    -3.00   0.003    -.2895622   -.0606306
                      |
                  sex |
              Female  |   .0137715   .1825788     0.08   0.940    -.3442315    .3717744
                      |
           sex#c.n_dk |
              Female  |    .040892   .0645202     0.63   0.526      -.08562    .1674039
                      |
               agecat |
               35-54  |   .0953387   .2277719     0.42   0.676    -.3512794    .5419568
                 55+  |  -.5523655   .2164185    -2.55   0.011    -.9767218   -.1280092
                      |
                 educ |
College grad or more  |  -.2101353   .1348482    -1.56   0.119    -.4745474    .0542769
                      |
               income |
          $50K-$100K  |   .0424782   .2058093     0.21   0.836    -.3610754    .4460317
              $100K+  |    .023356   .1955953     0.12   0.905    -.3601698    .4068818
                      |
            ethnicity |
           Non-White  |  -.2624979   .1572889    -1.67   0.095     -.570912    .0459163
                _cons |   2.471321   .3655615     6.76   0.000     1.754523    3.188119
---------------------------------------------------------------------------------------

. 
. estimates store mHet_sex

. 
end of do-file

. do "/var/folders/gh/09k67mdn3ks9zh6wymygw2880000gn/T//SD06348.000000"

. margins sex, dydx(n_dk) predict(outcome(3))

Average marginal effects

Number of strata =     1                          Number of obs   =      2,796
Number of PSUs   = 2,796                          Population size = 2,794.2146
Model VCE: Linearized                             Design df       =      2,795

Expression: Pr(g43_3==Yes), predict(outcome(3))
dy/dx wrt:  n_dk

------------------------------------------------------------------------------
             |            Delta-method
             |      dy/dx   std. err.      t    P>|t|     [95% conf. interval]
-------------+----------------------------------------------------------------
n_dk         |
         sex |
       Male  |  -.0482464   .0087725    -5.50   0.000    -.0654477   -.0310451
     Female  |  -.0455766   .0072856    -6.26   0.000    -.0598623   -.0312909
------------------------------------------------------------------------------

. 
end of do-file

. do "/var/folders/gh/09k67mdn3ks9zh6wymygw2880000gn/T//SD06348.000000"

. margins sex, dydx(n_dk) predict(outcome(3)) post

Average marginal effects

Number of strata =     1                          Number of obs   =      2,796
Number of PSUs   = 2,796                          Population size = 2,794.2146
Model VCE: Linearized                             Design df       =      2,795

Expression: Pr(g43_3==Yes), predict(outcome(3))
dy/dx wrt:  n_dk

------------------------------------------------------------------------------
             |            Delta-method
             |      dy/dx   std. err.      t    P>|t|     [95% conf. interval]
-------------+----------------------------------------------------------------
n_dk         |
         sex |
       Male  |  -.0482464   .0087725    -5.50   0.000    -.0654477   -.0310451
     Female  |  -.0455766   .0072856    -6.26   0.000    -.0598623   -.0312909
------------------------------------------------------------------------------

. 
. lincom _b[2.sex] - _b[1.sex]

 ( 1)  - [n_dk]1bn.sex + [n_dk]2.sex = 0

------------------------------------------------------------------------------
             | Coefficient  Std. err.      t    P>|t|     [95% conf. interval]
-------------+----------------------------------------------------------------
         (1) |   .0026699   .0098696     0.27   0.787    -.0166826    .0220223
------------------------------------------------------------------------------

. 
end of do-file

. do "/var/folders/gh/09k67mdn3ks9zh6wymygw2880000gn/T//SD06348.000000"

. estimates restore mHet_sex
(results mHet_sex are active now)

. 
. margins sex, dydx(n_dk) predict(outcome(2)) post

Average marginal effects

Number of strata =     1                          Number of obs   =      2,796
Number of PSUs   = 2,796                          Population size = 2,794.2146
Model VCE: Linearized                             Design df       =      2,795

Expression: Pr(g43_3==Don_t_know), predict(outcome(2))
dy/dx wrt:  n_dk

------------------------------------------------------------------------------
             |            Delta-method
             |      dy/dx   std. err.      t    P>|t|     [95% conf. interval]
-------------+----------------------------------------------------------------
n_dk         |
         sex |
       Male  |   .0340565   .0069429     4.91   0.000     .0204428    .0476702
     Female  |   .0415568   .0065346     6.36   0.000     .0287437    .0543699
------------------------------------------------------------------------------

. 
. lincom _b[2.sex] - _b[1.sex]

 ( 1)  - [n_dk]1bn.sex + [n_dk]2.sex = 0

------------------------------------------------------------------------------
             | Coefficient  Std. err.      t    P>|t|     [95% conf. interval]
-------------+----------------------------------------------------------------
         (1) |   .0075003   .0078382     0.96   0.339    -.0078689    .0228694
------------------------------------------------------------------------------

. 
end of do-file

. do "/var/folders/gh/09k67mdn3ks9zh6wymygw2880000gn/T//SD06348.000000"

. display _newline as result "  C7. MEASUREMENT VALIDATION: DK vs G2"

  C7. MEASUREMENT VALIDATION: DK vs G2

. 
end of do-file

. do "/var/folders/gh/09k67mdn3ks9zh6wymygw2880000gn/T//SD06348.000000"

. tabstat n_correct n_incorrect n_dk [aw=wgt1], by(g2_band) statistics(mean) format(%5.2f)

Summary statistics: Mean
Group variable: g2_band 

    g2_band |  n_corr~t  n_inco~t      n_dk
------------+------------------------------
  Low (1-3) |      4.16      2.78      4.06
Neutral (4) |      5.04      3.38      2.58
 High (5-7) |      6.03      3.57      1.41
------------+------------------------------
      Total |      5.40      3.35      2.25
-------------------------------------------

. svy: mean n_dk, over(g2_band)
(running mean on estimation sample)

Survey: Mean estimation

Number of strata =     1            Number of obs   =      2,783
Number of PSUs   = 2,783            Population size = 2,776.5518
                                    Design df       =      2,782

----------------------------------------------------------------
               |             Linearized
               |       Mean   std. err.     [95% conf. interval]
---------------+------------------------------------------------
c.n_dk@g2_band |
    Low (1-3)  |   4.062514   .1347167      3.798359    4.326669
  Neutral (4)  |   2.579314   .1145077      2.354786    2.803843
   High (5-7)  |   1.405538    .057029      1.293714    1.517361
----------------------------------------------------------------

. svy: regress n_dk i.g2_band
(running regress on estimation sample)

Survey: Linear regression

Number of strata =     1                          Number of obs   =      2,783
Number of PSUs   = 2,783                          Population size = 2,776.5518
                                                  Design df       =      2,782
                                                  F(2, 2781)      =     183.55
                                                  Prob > F        =     0.0000
                                                  R-squared       =     0.1999

------------------------------------------------------------------------------
             |             Linearized
        n_dk | Coefficient  std. err.      t    P>|t|     [95% conf. interval]
-------------+----------------------------------------------------------------
     g2_band |
Neutral (4)  |  -1.483199   .1768067    -8.39   0.000    -1.829885   -1.136514
 High (5-7)  |  -2.656976   .1462905   -18.16   0.000    -2.943825   -2.370127
             |
       _cons |   4.062514   .1347167    30.16   0.000     3.798359    4.326669
------------------------------------------------------------------------------

. correlate n_dk g2_scale
(obs=2,783)

             |     n_dk g2_scale
-------------+------------------
        n_dk |   1.0000
    g2_scale |  -0.4680   1.0000


. 
end of do-file

. do "/var/folders/gh/09k67mdn3ks9zh6wymygw2880000gn/T//SD06348.000000"

. estimates dir

--------------------------------------------------------------------------------------
             |           Dependent  Number of        
        Name | Command    variable     param.  Title 
-------------+------------------------------------------------------------------------
   mA_mlogit | mlogit        g43_3         45  Survey: Multinomial logistic regression
       mB_g2 | mlogit        g43_3         48  Survey: Multinomial logistic regression
      modelA | mlogit        g43_3         45  Survey: Multinomial logistic regression
   mC_dkprop | mlogit        g43_3         48  Survey: Multinomial logistic regression
mD_g2_dkprop | mlogit        g43_3         51  Survey: Multinomial logistic regression
    mE_yesno | logit     g43_yes_no        15  Survey: Logistic regression
   mF_yesall | logit     g43_yes_all       15  Survey: Logistic regression
  mRob_loose | mlogit        g43_3         45  Survey: Multinomial logistic regression
   mRob_fine | mlogit        g43_3         90  Survey: Multinomial logistic regression
    mHet_sex | mlogit        g43_3         51  Survey: Multinomial logistic regression
--------------------------------------------------------------------------------------

. 
end of do-file

. do "/var/folders/gh/09k67mdn3ks9zh6wymygw2880000gn/T//SD06348.000000"

. estimates restore mA_mlogit
(results mA_mlogit are active now)

. 
. margins, dydx(n_dk) predict(outcome(3)) post

Average marginal effects

Number of strata =     1                          Number of obs   =      2,796
Number of PSUs   = 2,796                          Population size = 2,794.2146
Model VCE: Linearized                             Design df       =      2,795

Expression: Pr(g43_3==Yes), predict(outcome(3))
dy/dx wrt:  n_dk

------------------------------------------------------------------------------
             |            Delta-method
             |      dy/dx   std. err.      t    P>|t|     [95% conf. interval]
-------------+----------------------------------------------------------------
        n_dk |  -.0466696   .0063719    -7.32   0.000    -.0591638   -.0341755
------------------------------------------------------------------------------

. 
. estimates store ame_primary

. 
end of do-file

. do "/var/folders/gh/09k67mdn3ks9zh6wymygw2880000gn/T//SD06348.000000"

. 
. estimates restore mB_g2
(results mB_g2 are active now)

. 
. margins, dydx(n_dk) predict(outcome(3)) post

Average marginal effects

Number of strata =     1                          Number of obs   =      2,783
Number of PSUs   = 2,783                          Population size = 2,776.5518
Model VCE: Linearized                             Design df       =      2,782

Expression: Pr(g43_3==Yes), predict(outcome(3))
dy/dx wrt:  n_dk

------------------------------------------------------------------------------
             |            Delta-method
             |      dy/dx   std. err.      t    P>|t|     [95% conf. interval]
-------------+----------------------------------------------------------------
        n_dk |  -.0451937   .0066445    -6.80   0.000    -.0582222   -.0321651
------------------------------------------------------------------------------

. 
. estimates store ame_g2

. 
end of do-file

. do "/var/folders/gh/09k67mdn3ks9zh6wymygw2880000gn/T//SD06348.000000"

. 
. estimates restore mC_dkprop
(results mC_dkprop are active now)

. 
. margins, dydx(n_dk) predict(outcome(3)) post

Average marginal effects

Number of strata =     1                          Number of obs   =      2,796
Number of PSUs   = 2,796                          Population size = 2,794.2146
Model VCE: Linearized                             Design df       =      2,795

Expression: Pr(g43_3==Yes), predict(outcome(3))
dy/dx wrt:  n_dk

------------------------------------------------------------------------------
             |            Delta-method
             |      dy/dx   std. err.      t    P>|t|     [95% conf. interval]
-------------+----------------------------------------------------------------
        n_dk |  -.0422932    .007004    -6.04   0.000    -.0560268   -.0285597
------------------------------------------------------------------------------

. 
. estimates store ame_dkprop

. 
end of do-file

. do "/var/folders/gh/09k67mdn3ks9zh6wymygw2880000gn/T//SD06348.000000"

. estimates restore mD_g2_dkprop
(results mD_g2_dkprop are active now)

. 
. margins, dydx(n_dk) predict(outcome(3)) post

Average marginal effects

Number of strata =     1                          Number of obs   =      2,783
Number of PSUs   = 2,783                          Population size = 2,776.5518
Model VCE: Linearized                             Design df       =      2,782

Expression: Pr(g43_3==Yes), predict(outcome(3))
dy/dx wrt:  n_dk

------------------------------------------------------------------------------
             |            Delta-method
             |      dy/dx   std. err.      t    P>|t|     [95% conf. interval]
-------------+----------------------------------------------------------------
        n_dk |  -.0419116   .0070528    -5.94   0.000    -.0557409   -.0280824
------------------------------------------------------------------------------

. 
. estimates store ame_g2_dkprop

. 
end of do-file

. do "/var/folders/gh/09k67mdn3ks9zh6wymygw2880000gn/T//SD06348.000000"

. estimates restore mRob_loose
(results mRob_loose are active now)

. 
. margins, dydx(n_dk) predict(outcome(3)) post
e(sample) does not identify the estimation sample
r(322);

end of do-file

r(322);

. do "/var/folders/gh/09k67mdn3ks9zh6wymygw2880000gn/T//SD06348.000000"

. preserve

. 
.     use "$OUT/nfcs_p1_validated_full.dta", clear

.     svyset [pweight = wgt1]

Sampling weights: wgt1
             VCE: linearized
      Subpop. df: off
     Single unit: missing
        Strata 1: <one>
 Sampling unit 1: <observations>
           FPC 1: <zero>

. 
.     svy: mlogit g43_3 ///
>         c.n_correct c.n_dk ///
>         i.agecat i.educ i.income i.sex i.ethnicity, ///
>         baseoutcome(1)
(running mlogit on estimation sample)

Survey: Multinomial logistic regression

Number of strata =     1                          Number of obs   =      2,854
Number of PSUs   = 2,854                          Population size = 2,854.9892
                                                  Design df       =      2,853
                                                  F(18, 2836)     =      16.50
                                                  Prob > F        =     0.0000

---------------------------------------------------------------------------------------
                      |             Linearized
                g43_3 | Coefficient  std. err.      t    P>|t|     [95% conf. interval]
----------------------+----------------------------------------------------------------
No                    |  (base outcome)
----------------------+----------------------------------------------------------------
Don_t_know            |
            n_correct |   .0121201    .037034     0.33   0.743     -.060496    .0847362
                 n_dk |   .0960417   .0405382     2.37   0.018     .0165546    .1755288
                      |
               agecat |
               35-54  |   .2375117   .2687174     0.88   0.377    -.2893883    .7644118
                 55+  |   .6957232   .2478234     2.81   0.005     .2097921    1.181654
                      |
                 educ |
College grad or more  |   .0831405   .1381777     0.60   0.547    -.1877977    .3540786
                      |
               income |
          $50K-$100K  |   .0098839   .1956267     0.05   0.960    -.3737001    .3934679
              $100K+  |   .0004463   .1872643     0.00   0.998    -.3667409    .3676334
                      |
                  sex |
              Female  |    .486375   .1416005     3.43   0.001     .2087254    .7640246
                      |
            ethnicity |
           Non-White  |  -.5962616   .1730964    -3.44   0.001    -.9356683   -.2568549
                _cons |  -.5412436   .3821568    -1.42   0.157    -1.290575    .2080878
----------------------+----------------------------------------------------------------
Yes                   |
            n_correct |  -.1593821   .0347925    -4.58   0.000    -.2276031   -.0911612
                 n_dk |  -.1554632   .0404502    -3.84   0.000    -.2347778   -.0761485
                      |
               agecat |
               35-54  |   .1093534   .2242099     0.49   0.626    -.3302763    .5489832
                 55+  |  -.5284584   .2129679    -2.48   0.013     -.946045   -.1108718
                      |
                 educ |
College grad or more  |  -.2137313   .1328758    -1.61   0.108    -.4742737     .046811
                      |
               income |
          $50K-$100K  |   .0030349   .2044898     0.01   0.988    -.3979278    .4039976
              $100K+  |  -.0133007   .1940618    -0.07   0.945    -.3938162    .3672148
                      |
                  sex |
              Female  |   .1287282   .1440171     0.89   0.371      -.15366    .4111164
                      |
            ethnicity |
           Non-White  |  -.2986985   .1546446    -1.93   0.054     -.601925    .0045281
                _cons |   2.413482   .3543353     6.81   0.000     1.718703    3.108261
---------------------------------------------------------------------------------------

. 
.     margins, dydx(n_dk) predict(outcome(3)) post

Average marginal effects

Number of strata =     1                          Number of obs   =      2,854
Number of PSUs   = 2,854                          Population size = 2,854.9892
Model VCE: Linearized                             Design df       =      2,853

Expression: Pr(g43_3==Yes), predict(outcome(3))
dy/dx wrt:  n_dk

------------------------------------------------------------------------------
             |            Delta-method
             |      dy/dx   std. err.      t    P>|t|     [95% conf. interval]
-------------+----------------------------------------------------------------
        n_dk |  -.0465699   .0062743    -7.42   0.000    -.0588725   -.0342673
------------------------------------------------------------------------------

. 
.     estimates store ame_loose

. 
. restore

. 
end of do-file

. do "/var/folders/gh/09k67mdn3ks9zh6wymygw2880000gn/T//SD06348.000000"

. estimates restore mRob_fine
(results mRob_fine are active now)

. 
. margins, dydx(n_dk) predict(outcome(3)) post

Average marginal effects

Number of strata =     1                          Number of obs   =      2,796
Number of PSUs   = 2,796                          Population size = 2,794.2146
Model VCE: Linearized                             Design df       =      2,795

Expression: Pr(g43_3==Yes), predict(outcome(3))
dy/dx wrt:  n_dk

------------------------------------------------------------------------------
             |            Delta-method
             |      dy/dx   std. err.      t    P>|t|     [95% conf. interval]
-------------+----------------------------------------------------------------
        n_dk |  -.0460168   .0063163    -7.29   0.000    -.0584018   -.0336318
------------------------------------------------------------------------------

. 
. estimates store ame_fine

. 
end of do-file

. do "/var/folders/gh/09k67mdn3ks9zh6wymygw2880000gn/T//SD06348.000000"

. estimates restore mE_yesno
(results mE_yesno are active now)

. 
. margins, dydx(n_dk) post

Average marginal effects

Number of strata =     1                          Number of obs   =      1,828
Number of PSUs   = 1,828                          Population size = 1,966.6679
Model VCE: Linearized                             Design df       =      1,827

Expression: Pr(g43_yes_no), predict()
dy/dx wrt:  n_dk

------------------------------------------------------------------------------
             |            Delta-method
             |      dy/dx   std. err.      t    P>|t|     [95% conf. interval]
-------------+----------------------------------------------------------------
        n_dk |  -.0294218   .0082403    -3.57   0.000    -.0455832   -.0132605
------------------------------------------------------------------------------

. 
. estimates store ame_yesno

. 
end of do-file

. do "/var/folders/gh/09k67mdn3ks9zh6wymygw2880000gn/T//SD06348.000000"

. estimates restore mF_yesall
(results mF_yesall are active now)

. 
. margins, dydx(n_dk) post

Average marginal effects

Number of strata =     1                          Number of obs   =      2,796
Number of PSUs   = 2,796                          Population size = 2,794.2146
Model VCE: Linearized                             Design df       =      2,795

Expression: Pr(g43_yes_all), predict()
dy/dx wrt:  n_dk

------------------------------------------------------------------------------
             |            Delta-method
             |      dy/dx   std. err.      t    P>|t|     [95% conf. interval]
-------------+----------------------------------------------------------------
        n_dk |  -.0468251   .0062649    -7.47   0.000    -.0591095   -.0345407
------------------------------------------------------------------------------

. 
. estimates store ame_yesall

. 
end of do-file

. do "/var/folders/gh/09k67mdn3ks9zh6wymygw2880000gn/T//SD06348.000000"

. estimates dir

--------------------------------------------------------------------------------------
             |           Dependent  Number of        
        Name | Command    variable     param.  Title 
-------------+------------------------------------------------------------------------
   mA_mlogit | mlogit        g43_3         45  Survey: Multinomial logistic regression
       mB_g2 | mlogit        g43_3         48  Survey: Multinomial logistic regression
      modelA | mlogit        g43_3         45  Survey: Multinomial logistic regression
   mC_dkprop | mlogit        g43_3         48  Survey: Multinomial logistic regression
mD_g2_dkprop | mlogit        g43_3         51  Survey: Multinomial logistic regression
    mE_yesno | logit     g43_yes_no        15  Survey: Logistic regression
   mF_yesall | logit     g43_yes_all       15  Survey: Logistic regression
  mRob_loose | mlogit        g43_3         45  Survey: Multinomial logistic regression
   mRob_fine | mlogit        g43_3         90  Survey: Multinomial logistic regression
    mHet_sex | mlogit        g43_3         51  Survey: Multinomial logistic regression
 ame_primary | margins   no depvar          1  Average marginal effects
      ame_g2 | margins   no depvar          1  Average marginal effects
  ame_dkprop | margins   no depvar          1  Average marginal effects
ame_g2_dkp~p | margins   no depvar          1  Average marginal effects
   ame_loose | margins   no depvar          1  Average marginal effects
    ame_fine | margins   no depvar          1  Average marginal effects
   ame_yesno | margins   no depvar          1  Average marginal effects
  ame_yesall | margins   no depvar          1  Average marginal effects
--------------------------------------------------------------------------------------

. 
end of do-file

. do "/var/folders/gh/09k67mdn3ks9zh6wymygw2880000gn/T//SD06348.000000"

. display _newline as result "  C8. RESULTS ACROSS SPECIFICATIONS"

  C8. RESULTS ACROSS SPECIFICATIONS

. 
. estimates table ///
>     ame_primary ///
>     ame_g2 ///
>     ame_dkprop ///
>     ame_g2_dkprop ///
>     ame_loose ///
>     ame_fine ///
>     ame_yesno ///
>     ame_yesall, ///
>     b(%9.4f) se(%9.4f) stats(N) ///
>     title("Average marginal effect of quiz DK on probability of accepting G43")

Average marginal effect of quiz DK on probability of accepting G43

--------------------------------------------------------------------------------------------------
    Variable | ame_pri~y    ame_g2     ame_dkp~p   ame_g2_~p   ame_loose   ame_fine    ame_yesno  
-------------+------------------------------------------------------------------------------------
        n_dk |   -0.0467     -0.0452     -0.0423     -0.0419     -0.0466     -0.0460     -0.0294  
             |    0.0064      0.0066      0.0070      0.0071      0.0063      0.0063      0.0082  
-------------+------------------------------------------------------------------------------------
           N |      2796        2783        2796        2783        2854        2796        1828  
--------------------------------------------------------------------------------------------------
                                                                                      Legend: b/se


--------------------------
    Variable | ame_yes~l  
-------------+------------
        n_dk |   -0.0468  
             |    0.0063  
-------------+------------
           N |      2796  
--------------------------
              Legend: b/se

. 
end of do-file

. do "/var/folders/gh/09k67mdn3ks9zh6wymygw2880000gn/T//SD06348.000000"

. file write dec "BLOCK C" _n ///
>   "C1 Descriptives and item audit use the strict analytic sample (no quiz refusals)." _n ///
>   "C2 Primary model is survey-weighted multinomial logit of G43 (No / DK / Yes), with No as base."
>  _n ///
>   "C3 Primary quantities reported are average marginal effects on P(G43=Yes), not raw multinomial 
> coefficients." _n ///
>   "C4 Self-assessed knowledge (G2) and general non-quiz DK propensity are evaluated as additional 
> adjustments." _n ///
>   "C5 Non-quiz DK propensity is based on 30 universally asked non-quiz items; it is not labeled re
> sponse style or satisficing." _n ///
>   "C6 Robustness checks include loose sample rule, finer demographic controls, and two binary outc
> ome specifications." _n ///
>   "C7 Gender heterogeneity is evaluated on the probability scale; no evidence of differential DK e
> ffects by gender." _n ///
>   "C8 DK/G2 analysis is measurement validation against the published FINRA pattern, not a new subs
> tantive finding." _n ///
>   "C9 Final results table reports AMEs of quiz DK on P(G43=Yes) across specifications." _n _n

. 
. file write dec ///
>   "OPEN ITEM: reconcile the 30-item non-quiz DK index against the earlier 26-item version before f
> inal manuscript reporting." _n

. 
. file close dec

. 
. display _newline(2) as result "RUN COMPLETE."


RUN COMPLETE.

. display as text "Decisions log: $OUT/analytical-decisions-raw.txt"
Decisions log: /Users/lenagan/Desktop/HFL_Project1_Output/analytical-decisions-raw.txt

. 
. log close
      name:  <unnamed>
       log:  /Users/lenagan/Desktop/HFL_Project1_Output/hfl_p1_dk_g43.log
  log type:  text
 closed on:  18 Aug 2026, 17:39:58
----------------------------------------------------------------------------------------------------

. 
end of do-file

. do "/var/folders/gh/09k67mdn3ks9zh6wymygw2880000gn/T//SD06348.000000"

. save "$OUT/nfcs_p1_final_analytic.dta", replace
(file /Users/lenagan/Desktop/HFL_Project1_Output/nfcs_p1_final_analytic.dta not found)
file /Users/lenagan/Desktop/HFL_Project1_Output/nfcs_p1_final_analytic.dta saved

. 
end of do-file

. do "/var/folders/gh/09k67mdn3ks9zh6wymygw2880000gn/T//SD06348.000000"

. export delimited using "$OUT/nfcs_p1_final_analytic.csv", replace
(file /Users/lenagan/Desktop/HFL_Project1_Output/nfcs_p1_final_analytic.csv not found)
file /Users/lenagan/Desktop/HFL_Project1_Output/nfcs_p1_final_analytic.csv saved

. 
